<output>./test/input.txt
<cost>415.56710563443283<\cost>
<clusters>
v_1_3
v_1_8
v_0_16
v_1_17,v_0_10
v_0_0,v_1_16
v_1_1,v_0_2,v_0_8
v_1_14,v_1_15,v_0_3,v_0_13,v_0_15
v_1_0,v_1_2,v_1_4,v_1_5,v_1_6,v_1_7,v_1_9,v_1_10,v_1_11,v_1_12,v_1_13,v_0_1,v_0_4,v_0_5,v_0_6,v_0_7,v_0_9,v_0_11,v_0_12,v_0_14
<\clusters>
<\output>
