v_0_0	0	v_1_0	1	-29.2575814575338
v_0_0	0	v_1_1	1	-59.46016021445951
v_0_0	0	v_1_2	1	-25.37352209754003
v_0_0	0	v_1_3	1	-0.9821989126338622
v_0_0	0	v_1_4	1	-3.854702343971958
v_0_0	0	v_1_5	1	-22.632894685271193
v_0_0	0	v_1_6	1	-9.934044759133897
v_0_0	0	v_1_7	1	-25.800951848581676
v_0_0	0	v_1_8	1	-49.47137595491097
v_0_0	0	v_1_9	1	-1.7976931348623157E308
v_0_0	0	v_1_10	1	-0.21021181068813277
v_0_0	0	v_1_11	1	-1.7976931348623157E308
v_0_0	0	v_1_12	1	-9.532980728410493
v_0_0	0	v_1_13	1	-6.443208384495401
v_0_0	0	v_1_14	1	-1.7976931348623157E308
v_0_0	0	v_1_15	1	-49.79272783817652
v_0_0	0	v_1_16	1	23.208678736791256
v_0_0	0	v_1_17	1	-35.558609339468376
v_0_0	0	v_0_1	0	0.0
v_0_0	0	v_0_2	0	0.0
v_0_0	0	v_0_3	0	0.0
v_0_0	0	v_0_4	0	0.0
v_0_0	0	v_0_5	0	0.0
v_0_0	0	v_0_6	0	0.0
v_0_0	0	v_0_7	0	0.0
v_0_0	0	v_0_8	0	0.0
v_0_0	0	v_0_9	0	0.0
v_0_0	0	v_0_10	0	0.0
v_0_0	0	v_0_11	0	0.0
v_0_0	0	v_0_12	0	0.0
v_0_0	0	v_0_13	0	0.0
v_0_0	0	v_0_14	0	0.0
v_0_0	0	v_0_15	0	0.0
v_0_0	0	v_0_16	0	0.0
v_1_0	1	v_1_1	1	0.0
v_1_0	1	v_1_2	1	0.0
v_1_0	1	v_1_3	1	0.0
v_1_0	1	v_1_4	1	0.0
v_1_0	1	v_1_5	1	0.0
v_1_0	1	v_1_6	1	0.0
v_1_0	1	v_1_7	1	0.0
v_1_0	1	v_1_8	1	0.0
v_1_0	1	v_1_9	1	0.0
v_1_0	1	v_1_10	1	0.0
v_1_0	1	v_1_11	1	0.0
v_1_0	1	v_1_12	1	0.0
v_1_0	1	v_1_13	1	0.0
v_1_0	1	v_1_14	1	0.0
v_1_0	1	v_1_15	1	0.0
v_1_0	1	v_1_16	1	0.0
v_1_0	1	v_1_17	1	0.0
v_1_0	1	v_0_1	0	2.1102345393998263
v_1_0	1	v_0_2	0	-39.03707665983773
v_1_0	1	v_0_3	0	-49.490028365790266
v_1_0	1	v_0_4	0	41.99922091940239
v_1_0	1	v_0_5	0	28.432881217932547
v_1_0	1	v_0_6	0	79.00443866024058
v_1_0	1	v_0_7	0	30.557130617681832
v_1_0	1	v_0_8	0	-39.99377661669079
v_1_0	1	v_0_9	0	49.16907616424071
v_1_0	1	v_0_10	0	-28.100571915757904
v_1_0	1	v_0_11	0	1.7976931348623157E308
v_1_0	1	v_0_12	0	7.449731538433019
v_1_0	1	v_0_13	0	-1.7976931348623157E308
v_1_0	1	v_0_14	0	1.7976931348623157E308
v_1_0	1	v_0_15	0	-10.930894208959566
v_1_0	1	v_0_16	0	-30.233925742993883
v_1_1	1	v_1_2	1	0.0
v_1_1	1	v_1_3	1	0.0
v_1_1	1	v_1_4	1	0.0
v_1_1	1	v_1_5	1	0.0
v_1_1	1	v_1_6	1	0.0
v_1_1	1	v_1_7	1	0.0
v_1_1	1	v_1_8	1	0.0
v_1_1	1	v_1_9	1	0.0
v_1_1	1	v_1_10	1	0.0
v_1_1	1	v_1_11	1	0.0
v_1_1	1	v_1_12	1	0.0
v_1_1	1	v_1_13	1	0.0
v_1_1	1	v_1_14	1	0.0
v_1_1	1	v_1_15	1	0.0
v_1_1	1	v_1_16	1	0.0
v_1_1	1	v_1_17	1	0.0
v_1_1	1	v_0_1	0	-37.554908112812285
v_1_1	1	v_0_2	0	4.7519035302596535
v_1_1	1	v_0_3	0	-33.35523572753716
v_1_1	1	v_0_4	0	-21.389054701539
v_1_1	1	v_0_5	0	-2.1103767751460865
v_1_1	1	v_0_6	0	-1.7976931348623157E308
v_1_1	1	v_0_7	0	-6.8342005487728095
v_1_1	1	v_0_8	0	17.996668267168772
v_1_1	1	v_0_9	0	-28.007709737103166
v_1_1	1	v_0_10	0	-7.822063540905127
v_1_1	1	v_0_11	0	-27.53717650228873
v_1_1	1	v_0_12	0	-1.7976931348623157E308
v_1_1	1	v_0_13	0	-25.71425856047974
v_1_1	1	v_0_14	0	-47.08715090208463
v_1_1	1	v_0_15	0	-1.7684903299965278
v_1_1	1	v_0_16	0	-71.41464581949876
v_1_2	1	v_1_3	1	0.0
v_1_2	1	v_1_4	1	0.0
v_1_2	1	v_1_5	1	0.0
v_1_2	1	v_1_6	1	0.0
v_1_2	1	v_1_7	1	0.0
v_1_2	1	v_1_8	1	0.0
v_1_2	1	v_1_9	1	0.0
v_1_2	1	v_1_10	1	0.0
v_1_2	1	v_1_11	1	0.0
v_1_2	1	v_1_12	1	0.0
v_1_2	1	v_1_13	1	0.0
v_1_2	1	v_1_14	1	0.0
v_1_2	1	v_1_15	1	0.0
v_1_2	1	v_1_16	1	0.0
v_1_2	1	v_1_17	1	0.0
v_1_2	1	v_0_1	0	1.7976931348623157E308
v_1_2	1	v_0_2	0	-32.71641146426896
v_1_2	1	v_0_3	0	-1.7976931348623157E308
v_1_2	1	v_0_4	0	25.606030999934152
v_1_2	1	v_0_5	0	25.8164643831396
v_1_2	1	v_0_6	0	55.966343369150685
v_1_2	1	v_0_7	0	1.7976931348623157E308
v_1_2	1	v_0_8	0	-14.599655513839867
v_1_2	1	v_0_9	0	42.258872477469865
v_1_2	1	v_0_10	0	-11.663012003077963
v_1_2	1	v_0_11	0	57.30682416100532
v_1_2	1	v_0_12	0	34.12339964919586
v_1_2	1	v_0_13	0	-48.87448207240381
v_1_2	1	v_0_14	0	22.478601677872103
v_1_2	1	v_0_15	0	-46.07369477812015
v_1_2	1	v_0_16	0	-15.389956312359722
v_1_3	1	v_1_4	1	0.0
v_1_3	1	v_1_5	1	0.0
v_1_3	1	v_1_6	1	0.0
v_1_3	1	v_1_7	1	0.0
v_1_3	1	v_1_8	1	0.0
v_1_3	1	v_1_9	1	0.0
v_1_3	1	v_1_10	1	0.0
v_1_3	1	v_1_11	1	0.0
v_1_3	1	v_1_12	1	0.0
v_1_3	1	v_1_13	1	0.0
v_1_3	1	v_1_14	1	0.0
v_1_3	1	v_1_15	1	0.0
v_1_3	1	v_1_16	1	0.0
v_1_3	1	v_1_17	1	0.0
v_1_3	1	v_0_1	0	-34.598453043480916
v_1_3	1	v_0_2	0	-23.471243181897712
v_1_3	1	v_0_3	0	-59.64411693453959
v_1_3	1	v_0_4	0	-1.7976931348623157E308
v_1_3	1	v_0_5	0	-23.148716784983186
v_1_3	1	v_0_6	0	-0.1875149026539482
v_1_3	1	v_0_7	0	-38.46144185165099
v_1_3	1	v_0_8	0	-27.46112924573081
v_1_3	1	v_0_9	0	-8.259317221144077
v_1_3	1	v_0_10	0	-47.139119007836875
v_1_3	1	v_0_11	0	-12.724531065167218
v_1_3	1	v_0_12	0	-11.949580851979011
v_1_3	1	v_0_13	0	-1.6892443913757305
v_1_3	1	v_0_14	0	-35.81111306938829
v_1_3	1	v_0_15	0	-36.35620047365038
v_1_3	1	v_0_16	0	-16.00855323443207
v_1_4	1	v_1_5	1	0.0
v_1_4	1	v_1_6	1	0.0
v_1_4	1	v_1_7	1	0.0
v_1_4	1	v_1_8	1	0.0
v_1_4	1	v_1_9	1	0.0
v_1_4	1	v_1_10	1	0.0
v_1_4	1	v_1_11	1	0.0
v_1_4	1	v_1_12	1	0.0
v_1_4	1	v_1_13	1	0.0
v_1_4	1	v_1_14	1	0.0
v_1_4	1	v_1_15	1	0.0
v_1_4	1	v_1_16	1	0.0
v_1_4	1	v_1_17	1	0.0
v_1_4	1	v_0_1	0	49.44018597954996
v_1_4	1	v_0_2	0	-24.986474573200816
v_1_4	1	v_0_3	0	-36.42842415364017
v_1_4	1	v_0_4	0	17.573080302888773
v_1_4	1	v_0_5	0	44.46516983813432
v_1_4	1	v_0_6	0	36.1654114533423
v_1_4	1	v_0_7	0	25.808039563912878
v_1_4	1	v_0_8	0	-35.10957118307018
v_1_4	1	v_0_9	0	1.7976931348623157E308
v_1_4	1	v_0_10	0	-32.38259103333792
v_1_4	1	v_0_11	0	20.07126146996625
v_1_4	1	v_0_12	0	11.350697779240898
v_1_4	1	v_0_13	0	-10.345760535514959
v_1_4	1	v_0_14	0	20.87851726233521
v_1_4	1	v_0_15	0	-34.46067036354599
v_1_4	1	v_0_16	0	-48.29369671245834
v_1_5	1	v_1_6	1	0.0
v_1_5	1	v_1_7	1	0.0
v_1_5	1	v_1_8	1	0.0
v_1_5	1	v_1_9	1	0.0
v_1_5	1	v_1_10	1	0.0
v_1_5	1	v_1_11	1	0.0
v_1_5	1	v_1_12	1	0.0
v_1_5	1	v_1_13	1	0.0
v_1_5	1	v_1_14	1	0.0
v_1_5	1	v_1_15	1	0.0
v_1_5	1	v_1_16	1	0.0
v_1_5	1	v_1_17	1	0.0
v_1_5	1	v_0_1	0	12.800691155239264
v_1_5	1	v_0_2	0	-43.46114452477414
v_1_5	1	v_0_3	0	-1.7976931348623157E308
v_1_5	1	v_0_4	0	13.097240982467124
v_1_5	1	v_0_5	0	14.424074598592048
v_1_5	1	v_0_6	0	58.71603667567847
v_1_5	1	v_0_7	0	35.75474001456994
v_1_5	1	v_0_8	0	-1.1365869213163364
v_1_5	1	v_0_9	0	24.19763049971208
v_1_5	1	v_0_10	0	-46.295910065188785
v_1_5	1	v_0_11	0	1.7976931348623157E308
v_1_5	1	v_0_12	0	9.60846663063505
v_1_5	1	v_0_13	0	-4.000603450788862
v_1_5	1	v_0_14	0	28.75714247602283
v_1_5	1	v_0_15	0	-44.40547789117434
v_1_5	1	v_0_16	0	-2.67642609287682
v_1_6	1	v_1_7	1	0.0
v_1_6	1	v_1_8	1	0.0
v_1_6	1	v_1_9	1	0.0
v_1_6	1	v_1_10	1	0.0
v_1_6	1	v_1_11	1	0.0
v_1_6	1	v_1_12	1	0.0
v_1_6	1	v_1_13	1	0.0
v_1_6	1	v_1_14	1	0.0
v_1_6	1	v_1_15	1	0.0
v_1_6	1	v_1_16	1	0.0
v_1_6	1	v_1_17	1	0.0
v_1_6	1	v_0_1	0	32.58868685856761
v_1_6	1	v_0_2	0	-41.2225008604265
v_1_6	1	v_0_3	0	-16.22026742987915
v_1_6	1	v_0_4	0	40.26371139925025
v_1_6	1	v_0_5	0	37.431752846761185
v_1_6	1	v_0_6	0	28.511434607708907
v_1_6	1	v_0_7	0	26.030340532974087
v_1_6	1	v_0_8	0	-51.96853519616558
v_1_6	1	v_0_9	0	46.84149536322943
v_1_6	1	v_0_10	0	-40.81545850912581
v_1_6	1	v_0_11	0	4.519577634645547
v_1_6	1	v_0_12	0	12.891333747838091
v_1_6	1	v_0_13	0	-28.191701266860406
v_1_6	1	v_0_14	0	10.774509126507002
v_1_6	1	v_0_15	0	-63.29985215742622
v_1_6	1	v_0_16	0	-22.565508558793983
v_1_7	1	v_1_8	1	0.0
v_1_7	1	v_1_9	1	0.0
v_1_7	1	v_1_10	1	0.0
v_1_7	1	v_1_11	1	0.0
v_1_7	1	v_1_12	1	0.0
v_1_7	1	v_1_13	1	0.0
v_1_7	1	v_1_14	1	0.0
v_1_7	1	v_1_15	1	0.0
v_1_7	1	v_1_16	1	0.0
v_1_7	1	v_1_17	1	0.0
v_1_7	1	v_0_1	0	32.618719182671676
v_1_7	1	v_0_2	0	-22.683589856609093
v_1_7	1	v_0_3	0	-1.7976931348623157E308
v_1_7	1	v_0_4	0	19.431156660050476
v_1_7	1	v_0_5	0	36.4927275457174
v_1_7	1	v_0_6	0	1.7976931348623157E308
v_1_7	1	v_0_7	0	28.50278280088529
v_1_7	1	v_0_8	0	-24.51351443248273
v_1_7	1	v_0_9	0	41.27501151410405
v_1_7	1	v_0_10	0	-8.449206049490328
v_1_7	1	v_0_11	0	1.7976931348623157E308
v_1_7	1	v_0_12	0	31.249341785436002
v_1_7	1	v_0_13	0	-19.75758388579171
v_1_7	1	v_0_14	0	0.8972915918780586
v_1_7	1	v_0_15	0	-31.784385564405795
v_1_7	1	v_0_16	0	-29.26789408964448
v_1_8	1	v_1_9	1	0.0
v_1_8	1	v_1_10	1	0.0
v_1_8	1	v_1_11	1	0.0
v_1_8	1	v_1_12	1	0.0
v_1_8	1	v_1_13	1	0.0
v_1_8	1	v_1_14	1	0.0
v_1_8	1	v_1_15	1	0.0
v_1_8	1	v_1_16	1	0.0
v_1_8	1	v_1_17	1	0.0
v_1_8	1	v_0_1	0	-26.304802365577494
v_1_8	1	v_0_2	0	-53.984395434817564
v_1_8	1	v_0_3	0	-13.178233821594604
v_1_8	1	v_0_4	0	-43.130719154807586
v_1_8	1	v_0_5	0	-34.97465465273289
v_1_8	1	v_0_6	0	-68.24488878753094
v_1_8	1	v_0_7	0	-7.410579739354601
v_1_8	1	v_0_8	0	-32.608623146745124
v_1_8	1	v_0_9	0	-57.06389966352223
v_1_8	1	v_0_10	0	-41.54931592248005
v_1_8	1	v_0_11	0	-25.388204011133706
v_1_8	1	v_0_12	0	-11.486482812986953
v_1_8	1	v_0_13	0	-12.4833615687145
v_1_8	1	v_0_14	0	-3.8283431466147064
v_1_8	1	v_0_15	0	-1.7976931348623157E308
v_1_8	1	v_0_16	0	-4.480735062287181
v_1_9	1	v_1_10	1	0.0
v_1_9	1	v_1_11	1	0.0
v_1_9	1	v_1_12	1	0.0
v_1_9	1	v_1_13	1	0.0
v_1_9	1	v_1_14	1	0.0
v_1_9	1	v_1_15	1	0.0
v_1_9	1	v_1_16	1	0.0
v_1_9	1	v_1_17	1	0.0
v_1_9	1	v_0_1	0	30.257200623401197
v_1_9	1	v_0_2	0	-1.7976931348623157E308
v_1_9	1	v_0_3	0	-39.56793509521403
v_1_9	1	v_0_4	0	1.7976931348623157E308
v_1_9	1	v_0_5	0	27.377746136659887
v_1_9	1	v_0_6	0	21.157974056984997
v_1_9	1	v_0_7	0	42.19681171825336
v_1_9	1	v_0_8	0	-35.018986447745206
v_1_9	1	v_0_9	0	23.75022131440123
v_1_9	1	v_0_10	0	-19.95326012765364
v_1_9	1	v_0_11	0	30.7183703589319
v_1_9	1	v_0_12	0	26.62472746748961
v_1_9	1	v_0_13	0	-1.7976931348623157E308
v_1_9	1	v_0_14	0	38.92068518289306
v_1_9	1	v_0_15	0	-54.890237614558295
v_1_9	1	v_0_16	0	-36.39691324032596
v_1_10	1	v_1_11	1	0.0
v_1_10	1	v_1_12	1	0.0
v_1_10	1	v_1_13	1	0.0
v_1_10	1	v_1_14	1	0.0
v_1_10	1	v_1_15	1	0.0
v_1_10	1	v_1_16	1	0.0
v_1_10	1	v_1_17	1	0.0
v_1_10	1	v_0_1	0	31.818123341633203
v_1_10	1	v_0_2	0	-15.995160481093404
v_1_10	1	v_0_3	0	-41.78843974699477
v_1_10	1	v_0_4	0	22.762143824013723
v_1_10	1	v_0_5	0	48.96603957847384
v_1_10	1	v_0_6	0	41.34244105244951
v_1_10	1	v_0_7	0	15.2212301315651
v_1_10	1	v_0_8	0	-53.938360656956654
v_1_10	1	v_0_9	0	33.12318968748234
v_1_10	1	v_0_10	0	-26.76942524823732
v_1_10	1	v_0_11	0	1.7976931348623157E308
v_1_10	1	v_0_12	0	16.091700968004567
v_1_10	1	v_0_13	0	-1.7976931348623157E308
v_1_10	1	v_0_14	0	55.30816313444875
v_1_10	1	v_0_15	0	-6.737692282537948
v_1_10	1	v_0_16	0	-19.825009492859934
v_1_11	1	v_1_12	1	0.0
v_1_11	1	v_1_13	1	0.0
v_1_11	1	v_1_14	1	0.0
v_1_11	1	v_1_15	1	0.0
v_1_11	1	v_1_16	1	0.0
v_1_11	1	v_1_17	1	0.0
v_1_11	1	v_0_1	0	17.234170084817926
v_1_11	1	v_0_2	0	-28.807788852471084
v_1_11	1	v_0_3	0	-29.481863451619823
v_1_11	1	v_0_4	0	12.490124592197068
v_1_11	1	v_0_5	0	41.09567172433077
v_1_11	1	v_0_6	0	1.7976931348623157E308
v_1_11	1	v_0_7	0	18.2251280985107
v_1_11	1	v_0_8	0	-13.41953442652547
v_1_11	1	v_0_9	0	22.461760744324295
v_1_11	1	v_0_10	0	-15.861968951506324
v_1_11	1	v_0_11	0	4.046256867018389
v_1_11	1	v_0_12	0	41.758775706286315
v_1_11	1	v_0_13	0	-50.81392636082241
v_1_11	1	v_0_14	0	25.100357742641105
v_1_11	1	v_0_15	0	-31.195448284584394
v_1_11	1	v_0_16	0	-62.89461123901532
v_1_12	1	v_1_13	1	0.0
v_1_12	1	v_1_14	1	0.0
v_1_12	1	v_1_15	1	0.0
v_1_12	1	v_1_16	1	0.0
v_1_12	1	v_1_17	1	0.0
v_1_12	1	v_0_1	0	36.348912067015945
v_1_12	1	v_0_2	0	-1.7976931348623157E308
v_1_12	1	v_0_3	0	-54.38430160799642
v_1_12	1	v_0_4	0	14.695476729711492
v_1_12	1	v_0_5	0	1.7976931348623157E308
v_1_12	1	v_0_6	0	20.54398218751393
v_1_12	1	v_0_7	0	1.7976931348623157E308
v_1_12	1	v_0_8	0	-3.9403430900827168
v_1_12	1	v_0_9	0	23.907600724898952
v_1_12	1	v_0_10	0	-1.7976931348623157E308
v_1_12	1	v_0_11	0	41.330324576663656
v_1_12	1	v_0_12	0	30.540651527606144
v_1_12	1	v_0_13	0	-28.049763646184857
v_1_12	1	v_0_14	0	8.437429760015355
v_1_12	1	v_0_15	0	-58.44128452173208
v_1_12	1	v_0_16	0	-73.37276480189293
v_1_13	1	v_1_14	1	0.0
v_1_13	1	v_1_15	1	0.0
v_1_13	1	v_1_16	1	0.0
v_1_13	1	v_1_17	1	0.0
v_1_13	1	v_0_1	0	39.77102768167459
v_1_13	1	v_0_2	0	-26.310591910719076
v_1_13	1	v_0_3	0	-16.458872567990806
v_1_13	1	v_0_4	0	1.7976931348623157E308
v_1_13	1	v_0_5	0	3.2291131524414247
v_1_13	1	v_0_6	0	5.9403828515978425
v_1_13	1	v_0_7	0	32.857225301210676
v_1_13	1	v_0_8	0	-23.231076281087145
v_1_13	1	v_0_9	0	34.01434887354503
v_1_13	1	v_0_10	0	-32.64114936206864
v_1_13	1	v_0_11	0	1.7976931348623157E308
v_1_13	1	v_0_12	0	39.92856416797521
v_1_13	1	v_0_13	0	-42.188587045425535
v_1_13	1	v_0_14	0	19.50200059561207
v_1_13	1	v_0_15	0	-34.22747452037653
v_1_13	1	v_0_16	0	-2.89676784131683
v_1_14	1	v_1_15	1	0.0
v_1_14	1	v_1_16	1	0.0
v_1_14	1	v_1_17	1	0.0
v_1_14	1	v_0_1	0	-17.516033951491217
v_1_14	1	v_0_2	0	-27.970845501234468
v_1_14	1	v_0_3	0	32.325685360115706
v_1_14	1	v_0_4	0	-14.009379393825883
v_1_14	1	v_0_5	0	-3.257430630926965
v_1_14	1	v_0_6	0	-1.7976931348623157E308
v_1_14	1	v_0_7	0	-24.82892302989082
v_1_14	1	v_0_8	0	-21.532810781362144
v_1_14	1	v_0_9	0	-19.492087982269606
v_1_14	1	v_0_10	0	-54.65521246596553
v_1_14	1	v_0_11	0	-60.024308230329304
v_1_14	1	v_0_12	0	-25.264820419085346
v_1_14	1	v_0_13	0	53.53558015066487
v_1_14	1	v_0_14	0	-17.38070347375653
v_1_14	1	v_0_15	0	17.09992238851269
v_1_14	1	v_0_16	0	-33.61053852425955
v_1_15	1	v_1_16	1	0.0
v_1_15	1	v_1_17	1	0.0
v_1_15	1	v_0_1	0	-48.62464731956517
v_1_15	1	v_0_2	0	-24.476671224389737
v_1_15	1	v_0_3	0	1.7976931348623157E308
v_1_15	1	v_0_4	0	-13.413418950202264
v_1_15	1	v_0_5	0	-48.28712040826781
v_1_15	1	v_0_6	0	-41.07755340452803
v_1_15	1	v_0_7	0	-28.71893229834388
v_1_15	1	v_0_8	0	-44.39237995186147
v_1_15	1	v_0_9	0	-41.27224256124856
v_1_15	1	v_0_10	0	-7.469211145223506
v_1_15	1	v_0_11	0	-6.854359720076381
v_1_15	1	v_0_12	0	-24.51057013208827
v_1_15	1	v_0_13	0	50.85878151532372
v_1_15	1	v_0_14	0	-8.915179337183018
v_1_15	1	v_0_15	0	24.009414852278717
v_1_15	1	v_0_16	0	-43.432182730097175
v_1_16	1	v_1_17	1	0.0
v_1_16	1	v_0_1	0	-1.7976931348623157E308
v_1_16	1	v_0_2	0	-54.96676294211283
v_1_16	1	v_0_3	0	-54.49748927642078
v_1_16	1	v_0_4	0	-7.919213771686312
v_1_16	1	v_0_5	0	-24.265066691130162
v_1_16	1	v_0_6	0	-41.54724619088624
v_1_16	1	v_0_7	0	-8.602041393620402
v_1_16	1	v_0_8	0	-3.8327820475909498
v_1_16	1	v_0_9	0	-34.66566435878188
v_1_16	1	v_0_10	0	-11.705445438941716
v_1_16	1	v_0_11	0	-39.239695114822624
v_1_16	1	v_0_12	0	-18.925497500542473
v_1_16	1	v_0_13	0	-22.69799606084211
v_1_16	1	v_0_14	0	-41.776158792014016
v_1_16	1	v_0_15	0	-18.890382873380762
v_1_16	1	v_0_16	0	-7.428422031359936
v_1_17	1	v_0_1	0	-35.82399163600245
v_1_17	1	v_0_2	0	-17.962090760291357
v_1_17	1	v_0_3	0	-3.7538862982073304
v_1_17	1	v_0_4	0	-11.095646161323556
v_1_17	1	v_0_5	0	-9.691591759934358
v_1_17	1	v_0_6	0	-7.199655821147976
v_1_17	1	v_0_7	0	-30.883456120762602
v_1_17	1	v_0_8	0	-19.210776291443562
v_1_17	1	v_0_9	0	-17.769152030662546
v_1_17	1	v_0_10	0	4.824852305882615
v_1_17	1	v_0_11	0	-25.340799138242478
v_1_17	1	v_0_12	0	-12.76485895167787
v_1_17	1	v_0_13	0	-39.08630467176249
v_1_17	1	v_0_14	0	-11.470502502867113
v_1_17	1	v_0_15	0	-11.288467719932616
v_1_17	1	v_0_16	0	-42.75065031454754
v_0_1	0	v_0_2	0	0.0
v_0_1	0	v_0_3	0	0.0
v_0_1	0	v_0_4	0	0.0
v_0_1	0	v_0_5	0	0.0
v_0_1	0	v_0_6	0	0.0
v_0_1	0	v_0_7	0	0.0
v_0_1	0	v_0_8	0	0.0
v_0_1	0	v_0_9	0	0.0
v_0_1	0	v_0_10	0	0.0
v_0_1	0	v_0_11	0	0.0
v_0_1	0	v_0_12	0	0.0
v_0_1	0	v_0_13	0	0.0
v_0_1	0	v_0_14	0	0.0
v_0_1	0	v_0_15	0	0.0
v_0_1	0	v_0_16	0	0.0
v_0_2	0	v_0_3	0	0.0
v_0_2	0	v_0_4	0	0.0
v_0_2	0	v_0_5	0	0.0
v_0_2	0	v_0_6	0	0.0
v_0_2	0	v_0_7	0	0.0
v_0_2	0	v_0_8	0	0.0
v_0_2	0	v_0_9	0	0.0
v_0_2	0	v_0_10	0	0.0
v_0_2	0	v_0_11	0	0.0
v_0_2	0	v_0_12	0	0.0
v_0_2	0	v_0_13	0	0.0
v_0_2	0	v_0_14	0	0.0
v_0_2	0	v_0_15	0	0.0
v_0_2	0	v_0_16	0	0.0
v_0_3	0	v_0_4	0	0.0
v_0_3	0	v_0_5	0	0.0
v_0_3	0	v_0_6	0	0.0
v_0_3	0	v_0_7	0	0.0
v_0_3	0	v_0_8	0	0.0
v_0_3	0	v_0_9	0	0.0
v_0_3	0	v_0_10	0	0.0
v_0_3	0	v_0_11	0	0.0
v_0_3	0	v_0_12	0	0.0
v_0_3	0	v_0_13	0	0.0
v_0_3	0	v_0_14	0	0.0
v_0_3	0	v_0_15	0	0.0
v_0_3	0	v_0_16	0	0.0
v_0_4	0	v_0_5	0	0.0
v_0_4	0	v_0_6	0	0.0
v_0_4	0	v_0_7	0	0.0
v_0_4	0	v_0_8	0	0.0
v_0_4	0	v_0_9	0	0.0
v_0_4	0	v_0_10	0	0.0
v_0_4	0	v_0_11	0	0.0
v_0_4	0	v_0_12	0	0.0
v_0_4	0	v_0_13	0	0.0
v_0_4	0	v_0_14	0	0.0
v_0_4	0	v_0_15	0	0.0
v_0_4	0	v_0_16	0	0.0
v_0_5	0	v_0_6	0	0.0
v_0_5	0	v_0_7	0	0.0
v_0_5	0	v_0_8	0	0.0
v_0_5	0	v_0_9	0	0.0
v_0_5	0	v_0_10	0	0.0
v_0_5	0	v_0_11	0	0.0
v_0_5	0	v_0_12	0	0.0
v_0_5	0	v_0_13	0	0.0
v_0_5	0	v_0_14	0	0.0
v_0_5	0	v_0_15	0	0.0
v_0_5	0	v_0_16	0	0.0
v_0_6	0	v_0_7	0	0.0
v_0_6	0	v_0_8	0	0.0
v_0_6	0	v_0_9	0	0.0
v_0_6	0	v_0_10	0	0.0
v_0_6	0	v_0_11	0	0.0
v_0_6	0	v_0_12	0	0.0
v_0_6	0	v_0_13	0	0.0
v_0_6	0	v_0_14	0	0.0
v_0_6	0	v_0_15	0	0.0
v_0_6	0	v_0_16	0	0.0
v_0_7	0	v_0_8	0	0.0
v_0_7	0	v_0_9	0	0.0
v_0_7	0	v_0_10	0	0.0
v_0_7	0	v_0_11	0	0.0
v_0_7	0	v_0_12	0	0.0
v_0_7	0	v_0_13	0	0.0
v_0_7	0	v_0_14	0	0.0
v_0_7	0	v_0_15	0	0.0
v_0_7	0	v_0_16	0	0.0
v_0_8	0	v_0_9	0	0.0
v_0_8	0	v_0_10	0	0.0
v_0_8	0	v_0_11	0	0.0
v_0_8	0	v_0_12	0	0.0
v_0_8	0	v_0_13	0	0.0
v_0_8	0	v_0_14	0	0.0
v_0_8	0	v_0_15	0	0.0
v_0_8	0	v_0_16	0	0.0
v_0_9	0	v_0_10	0	0.0
v_0_9	0	v_0_11	0	0.0
v_0_9	0	v_0_12	0	0.0
v_0_9	0	v_0_13	0	0.0
v_0_9	0	v_0_14	0	0.0
v_0_9	0	v_0_15	0	0.0
v_0_9	0	v_0_16	0	0.0
v_0_10	0	v_0_11	0	0.0
v_0_10	0	v_0_12	0	0.0
v_0_10	0	v_0_13	0	0.0
v_0_10	0	v_0_14	0	0.0
v_0_10	0	v_0_15	0	0.0
v_0_10	0	v_0_16	0	0.0
v_0_11	0	v_0_12	0	0.0
v_0_11	0	v_0_13	0	0.0
v_0_11	0	v_0_14	0	0.0
v_0_11	0	v_0_15	0	0.0
v_0_11	0	v_0_16	0	0.0
v_0_12	0	v_0_13	0	0.0
v_0_12	0	v_0_14	0	0.0
v_0_12	0	v_0_15	0	0.0
v_0_12	0	v_0_16	0	0.0
v_0_13	0	v_0_14	0	0.0
v_0_13	0	v_0_15	0	0.0
v_0_13	0	v_0_16	0	0.0
v_0_14	0	v_0_15	0	0.0
v_0_14	0	v_0_16	0	0.0
v_0_15	0	v_0_16	0	0.0
