<\output> ./test/inputmatrix.txt
<\output> ./test/inputmatrix.txt
R59
R63
R77
R90
R116
R147
R168
R180
R183
R189
R227
R238
R259
R267
R270
R300,R198,R166,R159,R145,R22,R5,C37,C81,C82,C100,C121,C170,C186,R299,R27,R245,R274
R295,R275,R269,R262,R233,R230,R203,R193,R101,R99,R98,R94,R83,R60,R48,C4,C127,C165,R167
R292,R261,R246,R228,R157,R134,R129,R127,R120,R102,R97,R52,R20,R18,R16,C171,C83,C160,C194,R24,R154,R69,R171
R255,R253,R249,R242,R229,R216,R215,R205,R162,R158,R123,R106,R66,R65,R7,C11,C30,C31,C34,C113,C152,R164,R78,R133,R36
R266,R260,R258,R247,R240,R207,R202,R177,R141,R132,R95,R92,R13,R8,C26,C88,C101,C150,R273,C6,R156,R62,R89,R45,R200,R73,R284,R109
R276,R257,R241,R213,R210,R188,R186,R170,R91,R88,R61,R39,R34,R4,C1,C21,C23,C41,C102,C104,C118,C159,C161,C163,C167,C183,R9,C184,R12,R187,R277
R174,R2,C9,C12,C14,C16,C32,C33,C35,C36,C47,C66,C68,C71,C72,C75,C87,C89,C111,C114,C116,C117,C129,C136,C147,C154,C175,C195,C196,C200,R165
R289,R286,R264,R239,R236,R235,R214,R208,R204,R169,R161,R155,R150,R130,R122,R108,R107,R86,R70,R47,R33,R30,R6,C42,C43,C44,C105,C125,C164,C191,R278,R137,R42,R173,R190,R293,R56,R142,C146,R222,R234,R10,C106,R218,R105
R256,R231,R221,R149,R118,R104,R58,R29,R3,C18,C19,C39,C40,C56,C58,C59,C61,C78,C80,C84,C103,C119,C120,C123,C124,C138,C139,C140,C141,C142,C143,C158,C162,C166,C178,C198,C180,C182,C15,C17,R117,C144,C38,C179,R100,R37
R298,R294,R290,R287,R285,R281,R279,R265,R263,R244,R219,R212,R191,R185,R184,R176,R172,R160,R146,R138,R135,R128,R121,R113,R93,R76,R75,R67,R50,R40,R38,R26,R17,R14,C54,R81,R143,R31,R96,R201,R79,R251,R297,R125,R211,R192,R148,R103,R53,R23,C53,R179,R197,R250,R224,R243
R291,R288,R282,R268,R248,R225,R220,R217,R199,R195,R194,R182,R181,R163,R153,R152,R151,R140,R139,R136,R124,R119,R114,R87,R80,R71,R68,R64,R57,R51,R41,R25,R21,R19,R15,C181,R254,R206,R85,R44,R32,R110,R46,R82,R272,R196,R178,R111,R126,R283,R144,R49,R28,R296,R131,R84,R237,R280,R271,R72,R35,R232,R115,R11,R112,R226,R209,R175,R74,R43,R252,R223,R55
R1,C2,C3,C7,C10,C20,C22,C24,C27,C28,C29,C45,C46,C49,C50,C51,C52,C57,C60,C63,C64,C65,C67,C74,C76,C77,C79,C86,C93,C94,C95,C96,C97,C98,C99,C107,C109,C110,C112,C115,C122,C126,C128,C130,C131,C132,C133,C134,C145,C148,C149,C151,C153,C155,C156,C157,C168,C169,C172,C173,C174,C176,C177,C185,C187,C188,C189,C190,C192,C193,C197,C199,C62,C85,C13,C25,C48,C5,C8,C55,C69,C73,C92,C108,R54,C70,C90,C137,C135,C91
<\output>
